// 重构日志: cd0f5d12
// 重构日志: 3dc1bfff
// 重构日志: 7bbc4d56
// 重构日志: a4c237cf
// 同步 ID: 32262841 @ Mon Jul 20 05:34:26 UTC 2026
// 同步 ID: 185ae15c @ Tue Jul 21 04:55:33 UTC 2026
// 同步 ID: a39ba7aa @ Tue Jul 21 17:21:31 UTC 2026
// 重构日志: 535e5839
// 重构日志: 778a08a1
// 重构日志: bae43613
// 重构日志: 7e111cba
// 重构日志: b8b9aa3b
// 重构日志: 7e87b04f
// 重构日志: e12c6843
// 重构日志: 979d1048
// 同步 ID: 5657608e @ Sun Jul 26 05:49:33 UTC 2026
// 重构日志: c0959c23
// 同步 ID: fa396684 @ Mon Jul 27 01:23:29 UTC 2026
// 重构日志: 0c227035
// 重构日志: 5d6bde0d
// 重构日志: e1ffd1ec
// 重构日志: c84ded60
// 重构日志: 879e36d8
// 同步 ID: 35b2cb66 @ Tue Jul 28 17:30:49 UTC 2026
// 重构日志: b9cb6e57
// 重构日志: 91182275
// 重构日志: b0c45c1f
// 重构日志: 7e80a1e8
// 重构日志: 1809a97d
// 同步 ID: 79a64bda @ Sat Aug  1 05:40:13 UTC 2026
